[2025-05-27T17:37:37.823+0530] {processor.py:161} INFO - Started process (PID=22779) to work on /Users/zafarimam/Documents/E-Commerce Order Pipeline/airflow_venv_39/lib/python3.9/site-packages/airflow/example_dags/plugins/event_listener.py
[2025-05-27T17:37:37.824+0530] {processor.py:830} INFO - Processing file /Users/Documents/E-Commerce Order Pipeline/airflow_venv_39/lib/python3.9/site-packages/airflow/example_dags/plugins/event_listener.py for tasks to queue
[2025-05-27T17:37:37.825+0530] {logging_mixin.py:188} INFO - [2025-05-27T17:37:37.825+0530] {dagbag.py:538} INFO - Filling up the DagBag from /Users/zafarimam/Documents/E-Commerce Order Pipeline/airflow_venv_39/lib/python3.9/site-packages/airflow/example_dags/plugins/event_listener.py
[2025-05-27T17:37:37.826+0530] {processor.py:842} WARNING - No viable dags retrieved from /Users/zafarimam/Documents/E-Commerce Order Pipeline/airflow_venv_39/lib/python3.9/site-packages/airflow/example_dags/plugins/event_listener.py
[2025-05-27T17:37:37.905+0530] {processor.py:183} INFO - Processing /Users/Documents/E-Commerce Order Pipeline/airflow_venv_39/lib/python3.9/site-packages/airflow/example_dags/plugins/event_listener.py took 0.083 seconds
[2025-05-27T17:39:47.344+0530] {processor.py:161} INFO - Started process (PID=22886) to work on /Users/zafarimam/Documents/E-Commerce Order Pipeline/airflow_venv_39/lib/python3.9/site-packages/airflow/example_dags/plugins/event_listener.py
[2025-05-27T17:39:47.346+0530] {processor.py:830} INFO - Processing file /Users/Documents/E-Commerce Order Pipeline/airflow_venv_39/lib/python3.9/site-packages/airflow/example_dags/plugins/event_listener.py for tasks to queue
[2025-05-27T17:39:47.347+0530] {logging_mixin.py:188} INFO - [2025-05-27T17:39:47.346+0530] {dagbag.py:538} INFO - Filling up the DagBag from /Users/zafarimam/Documents/E-Commerce Order Pipeline/airflow_venv_39/lib/python3.9/site-packages/airflow/example_dags/plugins/event_listener.py
[2025-05-27T17:39:47.348+0530] {processor.py:842} WARNING - No viable dags retrieved from /Users/zafarimam/Documents/E-Commerce Order Pipeline/airflow_venv_39/lib/python3.9/site-packages/airflow/example_dags/plugins/event_listener.py
[2025-05-27T17:39:47.427+0530] {processor.py:183} INFO - Processing /Users/Documents/E-Commerce Order Pipeline/airflow_venv_39/lib/python3.9/site-packages/airflow/example_dags/plugins/event_listener.py took 0.084 seconds
[2025-05-27T17:41:47.292+0530] {processor.py:161} INFO - Started process (PID=22953) to work on /Users/zafarimam/Documents/E-Commerce Order Pipeline/airflow_venv_39/lib/python3.9/site-packages/airflow/example_dags/plugins/event_listener.py
[2025-05-27T17:41:47.293+0530] {processor.py:830} INFO - Processing file /Users/Documents/E-Commerce Order Pipeline/airflow_venv_39/lib/python3.9/site-packages/airflow/example_dags/plugins/event_listener.py for tasks to queue
[2025-05-27T17:41:47.294+0530] {logging_mixin.py:188} INFO - [2025-05-27T17:41:47.294+0530] {dagbag.py:538} INFO - Filling up the DagBag from /Users/zafarimam/Documents/E-Commerce Order Pipeline/airflow_venv_39/lib/python3.9/site-packages/airflow/example_dags/plugins/event_listener.py
[2025-05-27T17:41:47.295+0530] {processor.py:842} WARNING - No viable dags retrieved from /Users/zafarimam/Documents/E-Commerce Order Pipeline/airflow_venv_39/lib/python3.9/site-packages/airflow/example_dags/plugins/event_listener.py
[2025-05-27T17:41:47.372+0530] {processor.py:183} INFO - Processing /Users/zafarimam/Documents/E-Commerce Order Pipeline/airflow_venv_39/lib/python3.9/site-packages/airflow/example_dags/plugins/event_listener.py took 0.081 seconds
[2025-05-27T17:43:38.485+0530] {processor.py:161} INFO - Started process (PID=23015) to work on /Users/zafarimam/Documents/E-Commerce Order Pipeline/airflow_venv_39/lib/python3.9/site-packages/airflow/example_dags/plugins/event_listener.py
[2025-05-27T17:43:38.487+0530] {processor.py:830} INFO - Processing file /Users/Documents/E-Commerce Order Pipeline/airflow_venv_39/lib/python3.9/site-packages/airflow/example_dags/plugins/event_listener.py for tasks to queue
[2025-05-27T17:43:38.487+0530] {logging_mixin.py:188} INFO - [2025-05-27T17:43:38.487+0530] {dagbag.py:538} INFO - Filling up the DagBag from /Users/zafarimam/Documents/E-Commerce Order Pipeline/airflow_venv_39/lib/python3.9/site-packages/airflow/example_dags/plugins/event_listener.py
[2025-05-27T17:43:38.488+0530] {processor.py:842} WARNING - No viable dags retrieved from /Users/zafarimam/Documents/E-Commerce Order Pipeline/airflow_venv_39/lib/python3.9/site-packages/airflow/example_dags/plugins/event_listener.py
[2025-05-27T17:43:38.567+0530] {processor.py:183} INFO - Processing /Users/Documents/E-Commerce Order Pipeline/airflow_venv_39/lib/python3.9/site-packages/airflow/example_dags/plugins/event_listener.py took 0.083 seconds
[2025-05-27T17:45:25.531+0530] {processor.py:161} INFO - Started process (PID=23071) to work on /Users/zafarimam/Documents/E-Commerce Order Pipeline/airflow_venv_39/lib/python3.9/site-packages/airflow/example_dags/plugins/event_listener.py
[2025-05-27T17:45:25.532+0530] {processor.py:830} INFO - Processing file /Users/Documents/E-Commerce Order Pipeline/airflow_venv_39/lib/python3.9/site-packages/airflow/example_dags/plugins/event_listener.py for tasks to queue
[2025-05-27T17:45:25.532+0530] {logging_mixin.py:188} INFO - [2025-05-27T17:45:25.532+0530] {dagbag.py:538} INFO - Filling up the DagBag from /Users/zafarimam/Documents/E-Commerce Order Pipeline/airflow_venv_39/lib/python3.9/site-packages/airflow/example_dags/plugins/event_listener.py
[2025-05-27T17:45:25.533+0530] {processor.py:842} WARNING - No viable dags retrieved from /Users/zafarimam/Documents/E-Commerce Order Pipeline/airflow_venv_39/lib/python3.9/site-packages/airflow/example_dags/plugins/event_listener.py
[2025-05-27T17:45:25.605+0530] {processor.py:183} INFO - Processing /Users/Documents/E-Commerce Order Pipeline/airflow_venv_39/lib/python3.9/site-packages/airflow/example_dags/plugins/event_listener.py took 0.075 seconds
[2025-05-27T17:52:24.581+0530] {processor.py:161} INFO - Started process (PID=23386) to work on /Users/zafarimam/Documents/E-Commerce Order Pipeline/airflow_venv_39/lib/python3.9/site-packages/airflow/example_dags/plugins/event_listener.py
[2025-05-27T17:52:24.583+0530] {processor.py:830} INFO - Processing file /Users/Documents/E-Commerce Order Pipeline/airflow_venv_39/lib/python3.9/site-packages/airflow/example_dags/plugins/event_listener.py for tasks to queue
[2025-05-27T17:52:24.583+0530] {logging_mixin.py:188} INFO - [2025-05-27T17:52:24.583+0530] {dagbag.py:538} INFO - Filling up the DagBag from /Users/zafarimam/Documents/E-Commerce Order Pipeline/airflow_venv_39/lib/python3.9/site-packages/airflow/example_dags/plugins/event_listener.py
[2025-05-27T17:52:24.584+0530] {processor.py:842} WARNING - No viable dags retrieved from /Users/zafarimam/Documents/E-Commerce Order Pipeline/airflow_venv_39/lib/python3.9/site-packages/airflow/example_dags/plugins/event_listener.py
[2025-05-27T17:52:24.661+0530] {processor.py:183} INFO - Processing /Users/Documents/E-Commerce Order Pipeline/airflow_venv_39/lib/python3.9/site-packages/airflow/example_dags/plugins/event_listener.py took 0.081 seconds
[2025-05-27T17:54:50.947+0530] {processor.py:161} INFO - Started process (PID=24011) to work on /Users/zafarimam/Documents/E-Commerce Order Pipeline/airflow_venv_39/lib/python3.9/site-packages/airflow/example_dags/plugins/event_listener.py
[2025-05-27T17:54:50.949+0530] {processor.py:830} INFO - Processing file /Users/zafarimam/Documents/E-Commerce Order Pipeline/airflow_venv_39/lib/python3.9/site-packages/airflow/example_dags/plugins/event_listener.py for tasks to queue
[2025-05-27T17:54:50.951+0530] {logging_mixin.py:188} INFO - [2025-05-27T17:54:50.951+0530] {dagbag.py:538} INFO - Filling up the DagBag from /Users/zafarimam/Documents/E-Commerce Order Pipeline/airflow_venv_39/lib/python3.9/site-packages/airflow/example_dags/plugins/event_listener.py
[2025-05-27T17:54:50.952+0530] {processor.py:842} WARNING - No viable dags retrieved from /Users/zafarimam/Documents/E-Commerce Order Pipeline/airflow_venv_39/lib/python3.9/site-packages/airflow/example_dags/plugins/event_listener.py
[2025-05-27T17:54:51.074+0530] {processor.py:183} INFO - Processing /Users/Documents/E-Commerce Order Pipeline/airflow_venv_39/lib/python3.9/site-packages/airflow/example_dags/plugins/event_listener.py took 0.129 seconds
[2025-05-27T17:57:06.623+0530] {processor.py:161} INFO - Started process (PID=24100) to work on /Users/zafarimam/Documents/E-Commerce Order Pipeline/airflow_venv_39/lib/python3.9/site-packages/airflow/example_dags/plugins/event_listener.py
[2025-05-27T17:57:06.624+0530] {processor.py:830} INFO - Processing file /Users/Documents/E-Commerce Order Pipeline/airflow_venv_39/lib/python3.9/site-packages/airflow/example_dags/plugins/event_listener.py for tasks to queue
[2025-05-27T17:57:06.625+0530] {logging_mixin.py:188} INFO - [2025-05-27T17:57:06.625+0530] {dagbag.py:538} INFO - Filling up the DagBag from /Users/zafarimam/Documents/E-Commerce Order Pipeline/airflow_venv_39/lib/python3.9/site-packages/airflow/example_dags/plugins/event_listener.py
[2025-05-27T17:57:06.626+0530] {processor.py:842} WARNING - No viable dags retrieved from /Users/zafarimam/Documents/E-Commerce Order Pipeline/airflow_venv_39/lib/python3.9/site-packages/airflow/example_dags/plugins/event_listener.py
[2025-05-27T17:57:06.702+0530] {processor.py:183} INFO - Processing /Users/Documents/E-Commerce Order Pipeline/airflow_venv_39/lib/python3.9/site-packages/airflow/example_dags/plugins/event_listener.py took 0.080 seconds
[2025-05-27T18:01:12.310+0530] {processor.py:161} INFO - Started process (PID=24949) to work on /Users/zafarimam/Documents/E-Commerce Order Pipeline/airflow_venv_39/lib/python3.9/site-packages/airflow/example_dags/plugins/event_listener.py
[2025-05-27T18:01:12.312+0530] {processor.py:830} INFO - Processing file /Users/Documents/E-Commerce Order Pipeline/airflow_venv_39/lib/python3.9/site-packages/airflow/example_dags/plugins/event_listener.py for tasks to queue
[2025-05-27T18:01:12.312+0530] {logging_mixin.py:188} INFO - [2025-05-27T18:01:12.312+0530] {dagbag.py:538} INFO - Filling up the DagBag from /Users/zafarimam/Documents/E-Commerce Order Pipeline/airflow_venv_39/lib/python3.9/site-packages/airflow/example_dags/plugins/event_listener.py
[2025-05-27T18:01:12.314+0530] {processor.py:842} WARNING - No viable dags retrieved from /Users/zafarimam/Documents/E-Commerce Order Pipeline/airflow_venv_39/lib/python3.9/site-packages/airflow/example_dags/plugins/event_listener.py
[2025-05-27T18:01:12.400+0530] {processor.py:183} INFO - Processing /Users/Documents/E-Commerce Order Pipeline/airflow_venv_39/lib/python3.9/site-packages/airflow/example_dags/plugins/event_listener.py took 0.092 seconds
[2025-05-27T18:05:31.593+0530] {processor.py:161} INFO - Started process (PID=25082) to work on /Users/zafarimam/Documents/E-Commerce Order Pipeline/airflow_venv_39/lib/python3.9/site-packages/airflow/example_dags/plugins/event_listener.py
[2025-05-27T18:05:31.594+0530] {processor.py:830} INFO - Processing file /Users/Documents/E-Commerce Order Pipeline/airflow_venv_39/lib/python3.9/site-packages/airflow/example_dags/plugins/event_listener.py for tasks to queue
[2025-05-27T18:05:31.595+0530] {logging_mixin.py:188} INFO - [2025-05-27T18:05:31.595+0530] {dagbag.py:538} INFO - Filling up the DagBag from /Users/zafarimam/Documents/E-Commerce Order Pipeline/airflow_venv_39/lib/python3.9/site-packages/airflow/example_dags/plugins/event_listener.py
[2025-05-27T18:05:31.596+0530] {processor.py:842} WARNING - No viable dags retrieved from /Users/zafarimam/Documents/E-Commerce Order Pipeline/airflow_venv_39/lib/python3.9/site-packages/airflow/example_dags/plugins/event_listener.py
[2025-05-27T18:05:31.673+0530] {processor.py:183} INFO - Processing /Users/Documents/E-Commerce Order Pipeline/airflow_venv_39/lib/python3.9/site-packages/airflow/example_dags/plugins/event_listener.py took 0.082 seconds
[2025-05-27T18:07:34.277+0530] {processor.py:161} INFO - Started process (PID=25146) to work on /Users/zafarimam/Documents/E-Commerce Order Pipeline/airflow_venv_39/lib/python3.9/site-packages/airflow/example_dags/plugins/event_listener.py
[2025-05-27T18:07:34.278+0530] {processor.py:830} INFO - Processing file /Users/Documents/E-Commerce Order Pipeline/airflow_venv_39/lib/python3.9/site-packages/airflow/example_dags/plugins/event_listener.py for tasks to queue
[2025-05-27T18:07:34.279+0530] {logging_mixin.py:188} INFO - [2025-05-27T18:07:34.279+0530] {dagbag.py:538} INFO - Filling up the DagBag from /Users/zafarimam/Documents/E-Commerce Order Pipeline/airflow_venv_39/lib/python3.9/site-packages/airflow/example_dags/plugins/event_listener.py
[2025-05-27T18:07:34.280+0530] {processor.py:842} WARNING - No viable dags retrieved from /Users/zafarimam/Documents/E-Commerce Order Pipeline/airflow_venv_39/lib/python3.9/site-packages/airflow/example_dags/plugins/event_listener.py
[2025-05-27T18:07:34.355+0530] {processor.py:183} INFO - Processing /Users/Documents/E-Commerce Order Pipeline/airflow_venv_39/lib/python3.9/site-packages/airflow/example_dags/plugins/event_listener.py took 0.079 seconds
[2025-05-27T18:09:35.677+0530] {processor.py:161} INFO - Started process (PID=25207) to work on /Users/zafarimam/Documents/E-Commerce Order Pipeline/airflow_venv_39/lib/python3.9/site-packages/airflow/example_dags/plugins/event_listener.py
[2025-05-27T18:09:35.678+0530] {processor.py:830} INFO - Processing file /Users/Documents/E-Commerce Order Pipeline/airflow_venv_39/lib/python3.9/site-packages/airflow/example_dags/plugins/event_listener.py for tasks to queue
[2025-05-27T18:09:35.679+0530] {logging_mixin.py:188} INFO - [2025-05-27T18:09:35.679+0530] {dagbag.py:538} INFO - Filling up the DagBag from /Users/zafarimam/Documents/E-Commerce Order Pipeline/airflow_venv_39/lib/python3.9/site-packages/airflow/example_dags/plugins/event_listener.py
[2025-05-27T18:09:35.680+0530] {processor.py:842} WARNING - No viable dags retrieved from /Users/zafarimam/Documents/E-Commerce Order Pipeline/airflow_venv_39/lib/python3.9/site-packages/airflow/example_dags/plugins/event_listener.py
[2025-05-27T18:09:35.756+0530] {processor.py:183} INFO - Processing /Users/Documents/E-Commerce Order Pipeline/airflow_venv_39/lib/python3.9/site-packages/airflow/example_dags/plugins/event_listener.py took 0.080 seconds
[2025-05-27T18:11:21.086+0530] {processor.py:161} INFO - Started process (PID=25264) to work on /Users/zafarimam/Documents/E-Commerce Order Pipeline/airflow_venv_39/lib/python3.9/site-packages/airflow/example_dags/plugins/event_listener.py
