[2025-05-27T18:11:21.087+0530] {processor.py:830} INFO - Processing file /Users/zafarimam/Documents/E-Commerce Order Pipeline/airflow_venv_39/lib/python3.9/site-packages/airflow/example_dags/plugins/event_listener.py for tasks to queue
[2025-05-27T18:11:21.087+0530] {logging_mixin.py:188} INFO - [2025-05-27T18:11:21.087+0530] {dagbag.py:538} INFO - Filling up the DagBag from /Users/zafarimam/Documents/E-Commerce Order Pipeline/airflow_venv_39/lib/python3.9/site-packages/airflow/example_dags/plugins/event_listener.py
[2025-05-27T18:11:21.088+0530] {processor.py:842} WARNING - No viable dags retrieved from /Users/zafarimam/Documents/E-Commerce Order Pipeline/airflow_venv_39/lib/python3.9/site-packages/airflow/example_dags/plugins/event_listener.py
[2025-05-27T18:11:21.163+0530] {processor.py:183} INFO - Processing /Users/Documents/E-Commerce Order Pipeline/airflow_venv_39/lib/python3.9/site-packages/airflow/example_dags/plugins/event_listener.py took 0.079 seconds
[2025-05-27T18:13:16.881+0530] {processor.py:161} INFO - Started process (PID=25325) to work on /Users/zafarimam/Documents/E-Commerce Order Pipeline/airflow_venv_39/lib/python3.9/site-packages/airflow/example_dags/plugins/event_listener.py
[2025-05-27T18:13:16.882+0530] {processor.py:830} INFO - Processing file /Users/Documents/E-Commerce Order Pipeline/airflow_venv_39/lib/python3.9/site-packages/airflow/example_dags/plugins/event_listener.py for tasks to queue
[2025-05-27T18:13:16.883+0530] {logging_mixin.py:188} INFO - [2025-05-27T18:13:16.883+0530] {dagbag.py:538} INFO - Filling up the DagBag from /Users/zafarimam/Documents/E-Commerce Order Pipeline/airflow_venv_39/lib/python3.9/site-packages/airflow/example_dags/plugins/event_listener.py
[2025-05-27T18:13:16.884+0530] {processor.py:842} WARNING - No viable dags retrieved from /Users/zafarimam/Documents/E-Commerce Order Pipeline/airflow_venv_39/lib/python3.9/site-packages/airflow/example_dags/plugins/event_listener.py
[2025-05-27T18:13:16.962+0530] {processor.py:183} INFO - Processing /Users/Documents/E-Commerce Order Pipeline/airflow_venv_39/lib/python3.9/site-packages/airflow/example_dags/plugins/event_listener.py took 0.082 seconds
[2025-05-27T18:15:11.269+0530] {processor.py:161} INFO - Started process (PID=25397) to work on /Users/zafarimam/Documents/E-Commerce Order Pipeline/airflow_venv_39/lib/python3.9/site-packages/airflow/example_dags/plugins/event_listener.py
[2025-05-27T18:15:11.270+0530] {processor.py:830} INFO - Processing file /Users/Documents/E-Commerce Order Pipeline/airflow_venv_39/lib/python3.9/site-packages/airflow/example_dags/plugins/event_listener.py for tasks to queue
[2025-05-27T18:15:11.271+0530] {logging_mixin.py:188} INFO - [2025-05-27T18:15:11.270+0530] {dagbag.py:538} INFO - Filling up the DagBag from /Users/zafarimam/Documents/E-Commerce Order Pipeline/airflow_venv_39/lib/python3.9/site-packages/airflow/example_dags/plugins/event_listener.py
[2025-05-27T18:15:11.272+0530] {processor.py:842} WARNING - No viable dags retrieved from /Users/zafarimam/Documents/E-Commerce Order Pipeline/airflow_venv_39/lib/python3.9/site-packages/airflow/example_dags/plugins/event_listener.py
[2025-05-27T18:15:11.351+0530] {processor.py:183} INFO - Processing /Users/Documents/E-Commerce Order Pipeline/airflow_venv_39/lib/python3.9/site-packages/airflow/example_dags/plugins/event_listener.py took 0.084 seconds
[2025-05-27T18:16:55.262+0530] {processor.py:161} INFO - Started process (PID=25455) to work on /Users/zafarimam/Documents/E-Commerce Order Pipeline/airflow_venv_39/lib/python3.9/site-packages/airflow/example_dags/plugins/event_listener.py
[2025-05-27T18:16:55.263+0530] {processor.py:830} INFO - Processing file /Users/Documents/E-Commerce Order Pipeline/airflow_venv_39/lib/python3.9/site-packages/airflow/example_dags/plugins/event_listener.py for tasks to queue
[2025-05-27T18:16:55.263+0530] {logging_mixin.py:188} INFO - [2025-05-27T18:16:55.263+0530] {dagbag.py:538} INFO - Filling up the DagBag from /Users/zafarimam/Documents/E-Commerce Order Pipeline/airflow_venv_39/lib/python3.9/site-packages/airflow/example_dags/plugins/event_listener.py
[2025-05-27T18:16:55.264+0530] {processor.py:842} WARNING - No viable dags retrieved from /Users/zafarimam/Documents/E-Commerce Order Pipeline/airflow_venv_39/lib/python3.9/site-packages/airflow/example_dags/plugins/event_listener.py
[2025-05-27T18:16:55.343+0530] {processor.py:183} INFO - Processing /Users/Documents/E-Commerce Order Pipeline/airflow_venv_39/lib/python3.9/site-packages/airflow/example_dags/plugins/event_listener.py took 0.083 seconds
[2025-05-27T18:18:38.285+0530] {processor.py:161} INFO - Started process (PID=25526) to work on /Users/zafarimam/Documents/E-Commerce Order Pipeline/airflow_venv_39/lib/python3.9/site-packages/airflow/example_dags/plugins/event_listener.py
[2025-05-27T18:18:38.286+0530] {processor.py:830} INFO - Processing file /Users/Documents/E-Commerce Order Pipeline/airflow_venv_39/lib/python3.9/site-packages/airflow/example_dags/plugins/event_listener.py for tasks to queue
[2025-05-27T18:18:38.287+0530] {logging_mixin.py:188} INFO - [2025-05-27T18:18:38.287+0530] {dagbag.py:538} INFO - Filling up the DagBag from /Users/zafarimam/Documents/E-Commerce Order Pipeline/airflow_venv_39/lib/python3.9/site-packages/airflow/example_dags/plugins/event_listener.py
[2025-05-27T18:18:38.288+0530] {processor.py:842} WARNING - No viable dags retrieved from /Users/zafarimam/Documents/E-Commerce Order Pipeline/airflow_venv_39/lib/python3.9/site-packages/airflow/example_dags/plugins/event_listener.py
[2025-05-27T18:18:38.367+0530] {processor.py:183} INFO - Processing /Users/Documents/E-Commerce Order Pipeline/airflow_venv_39/lib/python3.9/site-packages/airflow/example_dags/plugins/event_listener.py took 0.083 seconds
[2025-05-27T18:11:21.087+0530] {processor.py:830} INFO - Processing file /Users/zafarimam/Documents/E-Commerce Order Pipeline/airflow_venv_39/lib/python3.9/site-packages/airflow/example_dags/plugins/event_listener.py for tasks to queue
[2025-05-27T18:11:21.087+0530] {logging_mixin.py:188} INFO - [2025-05-27T18:11:21.087+0530] {dagbag.py:538} INFO - Filling up the DagBag from /Users/zafarimam/Documents/E-Commerce Order Pipeline/airflow_venv_39/lib/python3.9/site-packages/airflow/example_dags/plugins/event_listener.py
[2025-05-27T18:11:21.088+0530] {processor.py:842} WARNING - No viable dags retrieved from /Users/zafarimam/Documents/E-Commerce Order Pipeline/airflow_venv_39/lib/python3.9/site-packages/airflow/example_dags/plugins/event_listener.py
[2025-05-27T18:11:21.163+0530] {processor.py:183} INFO - Processing /Users/Documents/E-Commerce Order Pipeline/airflow_venv_39/lib/python3.9/site-packages/airflow/example_dags/plugins/event_listener.py took 0.079 seconds
[2025-05-27T18:13:16.881+0530] {processor.py:161} INFO - Started process (PID=25325) to work on /Users/zafarimam/Documents/E-Commerce Order Pipeline/airflow_venv_39/lib/python3.9/site-packages/airflow/example_dags/plugins/event_listener.py
[2025-05-27T18:13:16.882+0530] {processor.py:830} INFO - Processing file /Users/Documents/E-Commerce Order Pipeline/airflow_venv_39/lib/python3.9/site-packages/airflow/example_dags/plugins/event_listener.py for tasks to queue
[2025-05-27T18:13:16.883+0530] {logging_mixin.py:188} INFO - [2025-05-27T18:13:16.883+0530] {dagbag.py:538} INFO - Filling up the DagBag from /Users/zafarimam/Documents/E-Commerce Order Pipeline/airflow_venv_39/lib/python3.9/site-packages/airflow/example_dags/plugins/event_listener.py
[2025-05-27T18:13:16.884+0530] {processor.py:842} WARNING - No viable dags retrieved from /Users/zafarimam/Documents/E-Commerce Order Pipeline/airflow_venv_39/lib/python3.9/site-packages/airflow/example_dags/plugins/event_listener.py
[2025-05-27T18:13:16.962+0530] {processor.py:183} INFO - Processing /Users/Documents/E-Commerce Order Pipeline/airflow_venv_39/lib/python3.9/site-packages/airflow/example_dags/plugins/event_listener.py took 0.082 seconds
[2025-05-27T18:15:11.269+0530] {processor.py:161} INFO - Started process (PID=25397) to work on /Users/zafarimam/Documents/E-Commerce Order Pipeline/airflow_venv_39/lib/python3.9/site-packages/airflow/example_dags/plugins/event_listener.py
[2025-05-27T18:15:11.270+0530] {processor.py:830} INFO - Processing file /Users/Documents/E-Commerce Order Pipeline/airflow_venv_39/lib/python3.9/site-packages/airflow/example_dags/plugins/event_listener.py for tasks to queue
[2025-05-27T18:15:11.271+0530] {logging_mixin.py:188} INFO - [2025-05-27T18:15:11.270+0530] {dagbag.py:538} INFO - Filling up the DagBag from /Users/zafarimam/Documents/E-Commerce Order Pipeline/airflow_venv_39/lib/python3.9/site-packages/airflow/example_dags/plugins/event_listener.py
[2025-05-27T18:15:11.272+0530] {processor.py:842} WARNING - No viable dags retrieved from /Users/zafarimam/Documents/E-Commerce Order Pipeline/airflow_venv_39/lib/python3.9/site-packages/airflow/example_dags/plugins/event_listener.py
[2025-05-27T18:15:11.351+0530] {processor.py:183} INFO - Processing /Users/Documents/E-Commerce Order Pipeline/airflow_venv_39/lib/python3.9/site-packages/airflow/example_dags/plugins/event_listener.py took 0.084 seconds
[2025-05-27T18:16:55.262+0530] {processor.py:161} INFO - Started process (PID=25455) to work on /Users/zafarimam/Documents/E-Commerce Order Pipeline/airflow_venv_39/lib/python3.9/site-packages/airflow/example_dags/plugins/event_listener.py
[2025-05-27T18:16:55.263+0530] {processor.py:830} INFO - Processing file /Users/Documents/E-Commerce Order Pipeline/airflow_venv_39/lib/python3.9/site-packages/airflow/example_dags/plugins/event_listener.py for tasks to queue
[2025-05-27T18:16:55.263+0530] {logging_mixin.py:188} INFO - [2025-05-27T18:16:55.263+0530] {dagbag.py:538} INFO - Filling up the DagBag from /Users/zafarimam/Documents/E-Commerce Order Pipeline/airflow_venv_39/lib/python3.9/site-packages/airflow/example_dags/plugins/event_listener.py
[2025-05-27T18:16:55.264+0530] {processor.py:842} WARNING - No viable dags retrieved from /Users/zafarimam/Documents/E-Commerce Order Pipeline/airflow_venv_39/lib/python3.9/site-packages/airflow/example_dags/plugins/event_listener.py
[2025-05-27T18:16:55.343+0530] {processor.py:183} INFO - Processing /Users/Documents/E-Commerce Order Pipeline/airflow_venv_39/lib/python3.9/site-packages/airflow/example_dags/plugins/event_listener.py took 0.083 seconds
[2025-05-27T18:18:38.285+0530] {processor.py:161} INFO - Started process (PID=25526) to work on /Users/zafarimam/Documents/E-Commerce Order Pipeline/airflow_venv_39/lib/python3.9/site-packages/airflow/example_dags/plugins/event_listener.py
[2025-05-27T18:18:38.286+0530] {processor.py:830} INFO - Processing file /Users/Documents/E-Commerce Order Pipeline/airflow_venv_39/lib/python3.9/site-packages/airflow/example_dags/plugins/event_listener.py for tasks to queue
[2025-05-27T18:18:38.287+0530] {logging_mixin.py:188} INFO - [2025-05-27T18:18:38.287+0530] {dagbag.py:538} INFO - Filling up the DagBag from /Users/zafarimam/Documents/E-Commerce Order Pipeline/airflow_venv_39/lib/python3.9/site-packages/airflow/example_dags/plugins/event_listener.py
[2025-05-27T18:18:38.288+0530] {processor.py:842} WARNING - No viable dags retrieved from /Users/zafarimam/Documents/E-Commerce Order Pipeline/airflow_venv_39/lib/python3.9/site-packages/airflow/example_dags/plugins/event_listener.py
[2025-05-27T18:18:38.367+0530] {processor.py:183} INFO - Processing /Users/Documents/E-Commerce Order Pipeline/airflow_venv_39/lib/python3.9/site-packages/airflow/example_dags/plugins/event_listener.py took 0.083 seconds
